[INFO] Scanning for projects...
[INFO] 
[INFO] -------------------------< tn.esprit:backend >--------------------------
[INFO] Building SkillHub Backend 0.0.1-SNAPSHOT
[INFO]   from pom.xml
[INFO] --------------------------------[ jar ]---------------------------------
[INFO] 
[INFO] --- clean:3.3.2:clean (default-clean) @ backend ---
[INFO] Deleting C:\Users\MSI\Desktop\Backend\target
[INFO] 
[INFO] --- resources:3.3.1:resources (default-resources) @ backend ---
[INFO] Copying 1 resource from src\main\resources to target\classes
[INFO] Copying 0 resource from src\main\resources to target\classes
[INFO] 
[INFO] --- compiler:3.13.0:compile (default-compile) @ backend ---
[INFO] Recompiling the module because of changed source code.
[INFO] Compiling 65 source files with javac [debug parameters release 17] to target\classes
[INFO] -------------------------------------------------------------
[WARNING] COMPILATION WARNING : 
[INFO] -------------------------------------------------------------
[WARNING] /C:/Users/MSI/Desktop/Backend/src/main/java/tn/esprit/backend/entities/User.java:[47,34] @Builder will ignore the initializing expression entirely. If you want the initializing expression to serve as default, add @Builder.Default. If it is not supposed to be settable during building, make the field final.
[WARNING] /C:/Users/MSI/Desktop/Backend/src/main/java/tn/esprit/backend/entities/User.java:[52,31] @Builder will ignore the initializing expression entirely. If you want the initializing expression to serve as default, add @Builder.Default. If it is not supposed to be settable during building, make the field final.
[INFO] 2 warnings 
[INFO] -------------------------------------------------------------
[INFO] -------------------------------------------------------------
[ERROR] COMPILATION ERROR : 
[INFO] -------------------------------------------------------------
[ERROR] /C:/Users/MSI/Desktop/Backend/src/main/java/tn/esprit/backend/services/implementations/ServiceRequestServiceImpl.java:[51,23] cannot find symbol
  symbol:   method setPaymentStatus(tn.esprit.backend.entities.PaymentStatus)
  location: variable serviceRequest of type tn.esprit.backend.entities.ServiceRequest
[INFO] 1 error
[INFO] -------------------------------------------------------------
[INFO] ------------------------------------------------------------------------
[INFO] BUILD FAILURE
[INFO] ------------------------------------------------------------------------
[INFO] Total time:  3.489 s
[INFO] Finished at: 2026-04-21T16:33:08+01:00
[INFO] ------------------------------------------------------------------------
[ERROR] Failed to execute goal org.apache.maven.plugins:maven-compiler-plugin:3.13.0:compile (default-compile) on project backend: Compilation failure
[ERROR] /C:/Users/MSI/Desktop/Backend/src/main/java/tn/esprit/backend/services/implementations/ServiceRequestServiceImpl.java:[51,23] cannot find symbol
[ERROR]   symbol:   method setPaymentStatus(tn.esprit.backend.entities.PaymentStatus)
[ERROR]   location: variable serviceRequest of type tn.esprit.backend.entities.ServiceRequest
[ERROR] 
[ERROR] -> [Help 1]
[ERROR] 
[ERROR] To see the full stack trace of the errors, re-run Maven with the -e switch.
[ERROR] Re-run Maven using the -X switch to enable full debug logging.
[ERROR] 
[ERROR] For more information about the errors and possible solutions, please read the following articles:
[ERROR] [Help 1] http://cwiki.apache.org/confluence/display/MAVEN/MojoFailureException
